#-----------------------------------------------------------
# Vivado v2023.2 (64-bit)
# SW Build 4029153 on Fri Oct 13 20:14:34 MDT 2023
# IP Build 4028589 on Sat Oct 14 00:45:43 MDT 2023
# SharedData Build 4025554 on Tue Oct 10 17:18:54 MDT 2023
# Start of session at: Wed Jun 25 18:16:54 2025
# Process ID: 52888
# Current directory: C:/Users/jungu/Desktop/AiSys/AiSys_cpu/cpu
# Command line: vivado.exe -gui_launcher_event rodinguilauncherevent61016 C:\Users\jungu\Desktop\AiSys\AiSys_cpu\cpu\Assign 7.xpr
# Log file: C:/Users/jungu/Desktop/AiSys/AiSys_cpu/cpu/vivado.log
# Journal file: C:/Users/jungu/Desktop/AiSys/AiSys_cpu/cpu\vivado.jou
# Running On: BOOK-ELUD8M5EVV, OS: Windows, CPU Frequency: 2496 MHz, CPU Physical cores: 12, Host memory: 33968 MB
#-----------------------------------------------------------
start_gui
open_project {C:/Users/jungu/Desktop/AiSys/AiSys_cpu/cpu/Assign 7.xpr}
update_compile_order -fileset sources_1
close [ open {C:/Users/jungu/Desktop/AiSys/AiSys_cpu/cpu/Assign 7.srcs/sources_1/new/cpu_io.v} w ]
add_files {{C:/Users/jungu/Desktop/AiSys/AiSys_cpu/cpu/Assign 7.srcs/sources_1/new/cpu_io.v}}
update_compile_order -fileset sources_1
add_files -norecurse -scan_for_includes {C:/Users/jungu/Desktop/AiSys/UART/uart/uart.srcs/sources_1/imports/test_skeleton_synth/uart_receiver_synthesis.v C:/Users/jungu/Desktop/AiSys/UART/uart/uart.srcs/sources_1/imports/test_skeleton_synth/uart_transmitter_synthesis.v}
import_files -norecurse {C:/Users/jungu/Desktop/AiSys/UART/uart/uart.srcs/sources_1/imports/test_skeleton_synth/uart_receiver_synthesis.v C:/Users/jungu/Desktop/AiSys/UART/uart/uart.srcs/sources_1/imports/test_skeleton_synth/uart_transmitter_synthesis.v}
update_compile_order -fileset sources_1
